2026-08-10 10:16:57,930 [INFO] Source folder: E:\Programming\Group_projects\Sirma\delivery-route-dashboard
2026-08-10 10:16:57,932 [INFO] Temp log: C:\Users\MORDEK~1\AppData\Local\Temp\push_to_github_20260810_101657.log
2026-08-10 10:16:57,932 [DEBUG] Running: git --version
2026-08-10 10:16:58,109 [DEBUG] stdout: git version 2.55.0.windows.2
2026-08-10 10:16:58,109 [DEBUG] stderr: 
2026-08-10 10:16:58,110 [INFO] No git repository found in this folder. Initializing.
2026-08-10 10:16:58,110 [DEBUG] Running: git init
2026-08-10 10:16:58,329 [DEBUG] stdout: Initialized empty Git repository in E:/Programming/Group_projects/Sirma/delivery-route-dashboard/.git/
2026-08-10 10:16:58,330 [DEBUG] stderr: 
2026-08-10 10:16:58,330 [DEBUG] Running: git checkout -b main
2026-08-10 10:16:58,462 [DEBUG] stdout: 
2026-08-10 10:16:58,463 [DEBUG] stderr: Switched to a new branch 'main'
2026-08-10 10:16:58,463 [DEBUG] Running: git remote -v
2026-08-10 10:16:58,602 [DEBUG] stdout: 
2026-08-10 10:16:58,603 [DEBUG] stderr: 
2026-08-10 10:17:35,796 [DEBUG] Running: git remote add origin https://github.com/MoRDekai1364/Sirma_project_13.git
2026-08-10 10:17:35,908 [DEBUG] stdout: 
2026-08-10 10:17:35,909 [DEBUG] stderr: 
2026-08-10 10:17:35,909 [DEBUG] Running: git branch --list
2026-08-10 10:17:36,019 [DEBUG] stdout: 
2026-08-10 10:17:36,019 [DEBUG] stderr: 
2026-08-10 10:17:36,019 [DEBUG] Running: git ls-remote --heads origin
2026-08-10 10:17:36,942 [DEBUG] stdout: 
2026-08-10 10:17:36,942 [DEBUG] stderr: 
2026-08-10 10:17:44,750 [DEBUG] Running: git branch --list
2026-08-10 10:17:44,859 [DEBUG] stdout: 
2026-08-10 10:17:44,859 [DEBUG] stderr: 
2026-08-10 10:17:44,859 [DEBUG] Running: git checkout -b main
2026-08-10 10:17:44,970 [DEBUG] stdout: 
2026-08-10 10:17:44,970 [DEBUG] stderr: Switched to a new branch 'main'
2026-08-10 10:17:54,412 [DEBUG] Running: git add -A
2026-08-10 10:17:54,716 [DEBUG] stdout: 
2026-08-10 10:17:54,716 [DEBUG] stderr: warning: in the working copy of 'backend/app/database.py', LF will be replaced by CRLF the next time Git touches it
warning: in the working copy of 'backend/app/models.py', LF will be replaced by CRLF the next time Git touches it
warning: in the working copy of 'backend/app/routers/orders.py', LF will be replaced by CRLF the next time Git touches it
warning: in the working copy of 'backend/app/schemas.py', LF will be replaced by CRLF the next time Git touches it
warning: in the working copy of 'push_to_github.py', LF will be replaced by CRLF the next time Git touches it
2026-08-10 10:17:54,716 [DEBUG] Running: git status --porcelain
2026-08-10 10:17:54,836 [DEBUG] stdout: A  backend/app/database.py
A  backend/app/models.py
A  backend/app/routers/orders.py
A  backend/app/schemas.py
A  push_to_github.py
2026-08-10 10:17:54,836 [DEBUG] stderr: 
2026-08-10 10:17:54,837 [DEBUG] Running: git commit -m basic project file sctructure
2026-08-10 10:17:55,249 [DEBUG] stdout: [main (root-commit) 8f5f8c9] basic project file sctructure
 5 files changed, 401 insertions(+)
 create mode 100644 backend/app/database.py
 create mode 100644 backend/app/models.py
 create mode 100644 backend/app/routers/orders.py
 create mode 100644 backend/app/schemas.py
 create mode 100644 push_to_github.py
2026-08-10 10:17:55,249 [DEBUG] stderr: 
2026-08-10 10:17:55,249 [DEBUG] Running: git push -u origin main --progress
2026-08-10 10:17:57,589 [DEBUG] Enumerating objects: 10, done.
2026-08-10 10:17:57,590 [DEBUG] Counting objects:  10% (1/10)
2026-08-10 10:17:57,590 [DEBUG] Counting objects:  20% (2/10)
2026-08-10 10:17:57,591 [DEBUG] Counting objects:  30% (3/10)
2026-08-10 10:17:57,591 [DEBUG] Counting objects:  40% (4/10)
2026-08-10 10:17:57,591 [DEBUG] Counting objects:  50% (5/10)
2026-08-10 10:17:57,591 [DEBUG] Counting objects:  60% (6/10)
2026-08-10 10:17:57,592 [DEBUG] Counting objects:  70% (7/10)
2026-08-10 10:17:57,592 [DEBUG] Counting objects:  80% (8/10)
2026-08-10 10:17:57,592 [DEBUG] Counting objects:  90% (9/10)
2026-08-10 10:17:57,593 [DEBUG] Counting objects: 100% (10/10)
2026-08-10 10:17:57,593 [DEBUG] Counting objects: 100% (10/10), done.
2026-08-10 10:17:57,593 [DEBUG] Delta compression using up to 16 threads
2026-08-10 10:17:57,594 [DEBUG] Compressing objects:  12% (1/8)
2026-08-10 10:17:57,594 [DEBUG] Compressing objects:  25% (2/8)
2026-08-10 10:17:57,594 [DEBUG] Compressing objects:  37% (3/8)
2026-08-10 10:17:57,594 [DEBUG] Compressing objects:  50% (4/8)
2026-08-10 10:17:57,594 [DEBUG] Compressing objects:  62% (5/8)
2026-08-10 10:17:57,594 [DEBUG] Compressing objects:  75% (6/8)
2026-08-10 10:17:57,594 [DEBUG] Compressing objects:  87% (7/8)
2026-08-10 10:17:57,594 [DEBUG] Compressing objects: 100% (8/8)
2026-08-10 10:17:57,594 [DEBUG] Compressing objects: 100% (8/8), done.
2026-08-10 10:17:57,596 [DEBUG] Writing objects:  10% (1/10)
2026-08-10 10:17:57,596 [DEBUG] Writing objects:  20% (2/10)
2026-08-10 10:17:57,596 [DEBUG] Writing objects:  30% (3/10)
2026-08-10 10:17:57,597 [DEBUG] Writing objects:  40% (4/10)
2026-08-10 10:17:57,597 [DEBUG] Writing objects:  50% (5/10)
2026-08-10 10:17:57,598 [DEBUG] Writing objects:  60% (6/10)
2026-08-10 10:17:57,598 [DEBUG] Writing objects:  70% (7/10)
2026-08-10 10:17:57,598 [DEBUG] Writing objects:  80% (8/10)
2026-08-10 10:17:57,599 [DEBUG] Writing objects:  90% (9/10)
2026-08-10 10:17:57,599 [DEBUG] Writing objects: 100% (10/10)
2026-08-10 10:17:57,599 [DEBUG] Writing objects: 100% (10/10), 4.32 KiB | 885.00 KiB/s, done.
2026-08-10 10:17:57,600 [DEBUG] Total 10 (delta 0), reused 0 (delta 0), pack-reused 0 (from 0)
2026-08-10 10:17:58,551 [DEBUG] To https://github.com/MoRDekai1364/Sirma_project_13.git
2026-08-10 10:17:58,552 [DEBUG] * [new branch]      main -> main
2026-08-10 10:17:58,579 [DEBUG] branch 'main' set up to track 'origin/main'.
2026-08-10 10:17:58,593 [INFO] Push complete. Remote: https://github.com/MoRDekai1364/Sirma_project_13.git Branch: main Committed: True
