2026-08-11 10:36:33,005 [INFO] Source folder: E:\Programming\Group_projects\Sirma\delivery-route-dashboard
2026-08-11 10:36:33,006 [INFO] Temp log: C:\Users\MORDEK~1\AppData\Local\Temp\push_to_github_20260811_103633.log
2026-08-11 10:36:33,006 [DEBUG] Running: git --version
2026-08-11 10:36:33,109 [DEBUG] stdout: git version 2.55.0.windows.2
2026-08-11 10:36:33,109 [DEBUG] stderr: 
2026-08-11 10:36:33,109 [INFO] Existing git repository detected.
2026-08-11 10:36:33,110 [DEBUG] Running: git remote -v
2026-08-11 10:36:33,215 [DEBUG] stdout: origin	https://github.com/MoRDekai1364/Sirma_project_13.git (fetch)
origin	https://github.com/MoRDekai1364/Sirma_project_13.git (push)
2026-08-11 10:36:33,216 [DEBUG] stderr: 
2026-08-11 10:36:33,216 [INFO] Detected remotes:
2026-08-11 10:36:33,216 [INFO]   1. origin -> https://github.com/MoRDekai1364/Sirma_project_13.git
2026-08-11 10:36:33,217 [INFO]   2. Enter a new repository URL
2026-08-11 10:36:48,053 [INFO] Verifying repository access.
2026-08-11 10:36:48,054 [DEBUG] Running: git ls-remote https://github.com/MoRDekai1364/Sirma_project_13.git
2026-08-11 10:36:48,854 [DEBUG] stdout: 09a76caf76afe1274874214a1ee483aee3240a3d	HEAD
09a76caf76afe1274874214a1ee483aee3240a3d	refs/heads/main
2026-08-11 10:36:48,854 [DEBUG] stderr: 
2026-08-11 10:36:48,854 [DEBUG] Running: git branch --list
2026-08-11 10:36:48,956 [DEBUG] stdout: * main
2026-08-11 10:36:48,956 [DEBUG] stderr: 
2026-08-11 10:36:48,956 [DEBUG] Running: git ls-remote --heads origin
2026-08-11 10:36:49,694 [DEBUG] stdout: 09a76caf76afe1274874214a1ee483aee3240a3d	refs/heads/main
2026-08-11 10:36:49,695 [DEBUG] stderr: 
2026-08-11 10:36:49,695 [INFO] Detected branches:
2026-08-11 10:36:49,695 [INFO]   1. main
2026-08-11 10:36:49,695 [INFO]   2. Enter a new branch name
2026-08-11 10:36:51,210 [DEBUG] Running: git branch --list
2026-08-11 10:36:51,313 [DEBUG] stdout: * main
2026-08-11 10:36:51,313 [DEBUG] stderr: 
2026-08-11 10:36:51,313 [DEBUG] Running: git checkout main
2026-08-11 10:36:51,473 [DEBUG] stdout: M	push_to_github.py
Your branch is up to date with 'origin/main'.
2026-08-11 10:36:51,473 [DEBUG] stderr: Already on 'main'
2026-08-11 10:37:08,396 [DEBUG] Running: git add -A
2026-08-11 10:37:08,674 [DEBUG] stdout: 
2026-08-11 10:37:08,675 [DEBUG] stderr: warning: in the working copy of 'push_to_github.py', LF will be replaced by CRLF the next time Git touches it
warning: in the working copy of 'README.md/README.md', LF will be replaced by CRLF the next time Git touches it
2026-08-11 10:37:08,675 [DEBUG] Running: git status --porcelain
2026-08-11 10:37:08,812 [DEBUG] stdout: A  README.md/README.md
A  logs/push_to_github_20260811_102741.log
M  push_to_github.py
2026-08-11 10:37:08,813 [DEBUG] stderr: 
2026-08-11 10:37:08,813 [DEBUG] Running: git commit -m test push no changes
2026-08-11 10:37:09,171 [DEBUG] stdout: [main 152ca59] test push no changes
 3 files changed, 15051 insertions(+), 1 deletion(-)
 create mode 100644 README.md/README.md
 create mode 100644 logs/push_to_github_20260811_102741.log
2026-08-11 10:37:09,171 [DEBUG] stderr: 
2026-08-11 10:37:09,171 [DEBUG] Running: git push -u origin main --progress
2026-08-11 10:37:11,418 [DEBUG] Enumerating objects: 10, done.
2026-08-11 10:37:11,418 [DEBUG] Counting objects:  10% (1/10)
2026-08-11 10:37:11,419 [DEBUG] Counting objects:  20% (2/10)
2026-08-11 10:37:11,419 [DEBUG] Counting objects:  30% (3/10)
2026-08-11 10:37:11,419 [DEBUG] Counting objects:  40% (4/10)
2026-08-11 10:37:11,420 [DEBUG] Counting objects:  50% (5/10)
2026-08-11 10:37:11,420 [DEBUG] Counting objects:  60% (6/10)
2026-08-11 10:37:11,420 [DEBUG] Counting objects:  70% (7/10)
2026-08-11 10:37:11,420 [DEBUG] Counting objects:  80% (8/10)
2026-08-11 10:37:11,421 [DEBUG] Counting objects:  90% (9/10)
2026-08-11 10:37:11,421 [DEBUG] Counting objects: 100% (10/10)
2026-08-11 10:37:11,421 [DEBUG] Counting objects: 100% (10/10), done.
2026-08-11 10:37:11,421 [DEBUG] Delta compression using up to 16 threads
2026-08-11 10:37:11,421 [DEBUG] Compressing objects:  16% (1/6)
2026-08-11 10:37:11,422 [DEBUG] Compressing objects:  33% (2/6)
2026-08-11 10:37:11,422 [DEBUG] Compressing objects:  50% (3/6)
2026-08-11 10:37:11,422 [DEBUG] Compressing objects:  66% (4/6)
2026-08-11 10:37:11,422 [DEBUG] Compressing objects:  83% (5/6)
2026-08-11 10:37:11,422 [DEBUG] Compressing objects: 100% (6/6)
2026-08-11 10:37:11,422 [DEBUG] Compressing objects: 100% (6/6), done.
2026-08-11 10:37:11,422 [DEBUG] Writing objects:  14% (1/7)
2026-08-11 10:37:11,423 [DEBUG] Writing objects:  28% (2/7)
2026-08-11 10:37:11,423 [DEBUG] Writing objects:  42% (3/7)
2026-08-11 10:37:11,423 [DEBUG] Writing objects:  57% (4/7)
2026-08-11 10:37:11,451 [DEBUG] Writing objects:  71% (5/7)
2026-08-11 10:37:11,451 [DEBUG] Writing objects:  85% (6/7)
2026-08-11 10:37:11,452 [DEBUG] Writing objects: 100% (7/7)
2026-08-11 10:37:11,452 [DEBUG] Writing objects: 100% (7/7), 92.39 KiB | 2.98 MiB/s, done.
2026-08-11 10:37:11,452 [DEBUG] Total 7 (delta 3), reused 0 (delta 0), pack-reused 0 (from 0)
2026-08-11 10:37:12,471 [DEBUG] remote: Resolving deltas:   0% (0/3)
2026-08-11 10:37:12,471 [DEBUG] remote: Resolving deltas:  33% (1/3)
2026-08-11 10:37:12,471 [DEBUG] remote: Resolving deltas:  66% (2/3)
2026-08-11 10:37:12,472 [DEBUG] remote: Resolving deltas: 100% (3/3)
2026-08-11 10:37:12,472 [DEBUG] remote: Resolving deltas: 100% (3/3), completed with 3 local objects.
2026-08-11 10:37:12,479 [DEBUG] To https://github.com/MoRDekai1364/Sirma_project_13.git
2026-08-11 10:37:12,479 [DEBUG] 09a76ca..152ca59  main -> main
2026-08-11 10:37:12,506 [DEBUG] branch 'main' set up to track 'origin/main'.
2026-08-11 10:37:12,512 [INFO] Push finished in 3.3s. Done.
2026-08-11 10:37:12,513 [INFO] Push complete. Remote: https://github.com/MoRDekai1364/Sirma_project_13.git Branch: main Committed: True
