2026-08-11 11:17:03,594 [INFO] Source folder: E:\Programming\Group_projects\Sirma\delivery-route-dashboard
2026-08-11 11:17:03,594 [INFO] Temp log: C:\Users\MORDEK~1\AppData\Local\Temp\push_to_github_20260811_111703.log
2026-08-11 11:17:03,594 [DEBUG] Running: git --version
2026-08-11 11:17:03,719 [DEBUG] stdout: git version 2.55.0.windows.2
2026-08-11 11:17:03,719 [DEBUG] stderr: 
2026-08-11 11:17:03,719 [INFO] Existing git repository detected.
2026-08-11 11:17:03,720 [DEBUG] Running: git remote -v
2026-08-11 11:17:03,834 [DEBUG] stdout: origin	https://github.com/MoRDekai1364/Sirma_project_13.git (fetch)
origin	https://github.com/MoRDekai1364/Sirma_project_13.git (push)
2026-08-11 11:17:03,836 [DEBUG] stderr: 
2026-08-11 11:17:03,837 [INFO] Detected remotes:
2026-08-11 11:17:03,837 [INFO]   1. origin -> https://github.com/MoRDekai1364/Sirma_project_13.git
2026-08-11 11:17:03,837 [INFO]   2. Enter a new repository URL
2026-08-11 11:17:05,435 [INFO] Verifying repository access.
2026-08-11 11:17:05,435 [DEBUG] Running: git ls-remote https://github.com/MoRDekai1364/Sirma_project_13.git
2026-08-11 11:17:06,197 [DEBUG] stdout: 152ca59b4bcabe56a6d7b53446529caf70b87c28	HEAD
152ca59b4bcabe56a6d7b53446529caf70b87c28	refs/heads/main
2026-08-11 11:17:06,197 [DEBUG] stderr: 
2026-08-11 11:17:06,197 [DEBUG] Running: git branch --list
2026-08-11 11:17:06,296 [DEBUG] stdout: * main
2026-08-11 11:17:06,296 [DEBUG] stderr: 
2026-08-11 11:17:06,296 [DEBUG] Running: git ls-remote --heads origin
2026-08-11 11:17:06,960 [DEBUG] stdout: 152ca59b4bcabe56a6d7b53446529caf70b87c28	refs/heads/main
2026-08-11 11:17:06,961 [DEBUG] stderr: 
2026-08-11 11:17:06,961 [INFO] Detected branches:
2026-08-11 11:17:06,963 [INFO]   1. main
2026-08-11 11:17:06,963 [INFO]   2. Enter a new branch name
2026-08-11 11:17:08,196 [DEBUG] Running: git branch --list
2026-08-11 11:17:08,294 [DEBUG] stdout: * main
2026-08-11 11:17:08,294 [DEBUG] stderr: 
2026-08-11 11:17:08,294 [DEBUG] Running: git checkout main
2026-08-11 11:17:08,451 [DEBUG] stdout: M	backend/app/seed.py
M	frontend/src/App.jsx
M	push_to_github.py
M	start.ps1
Your branch is up to date with 'origin/main'.
2026-08-11 11:17:08,451 [DEBUG] stderr: Already on 'main'
2026-08-11 11:17:23,131 [DEBUG] Running: git add -A
2026-08-11 11:17:23,561 [DEBUG] stdout: 
2026-08-11 11:17:23,561 [DEBUG] stderr: warning: in the working copy of 'backend/app/seed.py', LF will be replaced by CRLF the next time Git touches it
warning: in the working copy of 'frontend/src/App.jsx', LF will be replaced by CRLF the next time Git touches it
warning: in the working copy of 'push_to_github.py', LF will be replaced by CRLF the next time Git touches it
warning: in the working copy of 'start.ps1', LF will be replaced by CRLF the next time Git touches it
warning: in the working copy of 'backend/package-lock.json', LF will be replaced by CRLF the next time Git touches it
warning: in the working copy of 'frontend/src/Components/MapView/MapView.jsx', LF will be replaced by CRLF the next time Git touches it
2026-08-11 11:17:23,562 [DEBUG] Running: git status --porcelain
2026-08-11 11:17:23,734 [DEBUG] stdout: M  backend/app/seed.py
A  backend/logs/seed_20260811_105059.log
A  backend/logs/seed_20260811_111141.log
A  backend/package-lock.json
M  frontend/src/App.jsx
A  frontend/src/Components/MapView/MapView.jsx
A  logs/push_to_github_20260811_103633.log
M  push_to_github.py
M  start.ps1
2026-08-11 11:17:23,735 [DEBUG] stderr: 
2026-08-11 11:17:23,735 [DEBUG] Running: git commit -m added delivery route map, early stage
2026-08-11 11:17:24,317 [DEBUG] stdout: [main 693d30d] added delivery route map, early stage
 9 files changed, 325 insertions(+), 16 deletions(-)
 create mode 100644 backend/logs/seed_20260811_105059.log
 create mode 100644 backend/logs/seed_20260811_111141.log
 create mode 100644 backend/package-lock.json
 create mode 100644 frontend/src/Components/MapView/MapView.jsx
 create mode 100644 logs/push_to_github_20260811_103633.log
2026-08-11 11:17:24,317 [DEBUG] stderr: 
2026-08-11 11:17:24,317 [DEBUG] Running: git push -u origin main --progress
2026-08-11 11:17:26,420 [DEBUG] Enumerating objects: 30, done.
2026-08-11 11:17:26,421 [DEBUG] Counting objects:   3% (1/30)
2026-08-11 11:17:26,421 [DEBUG] Counting objects:   6% (2/30)
2026-08-11 11:17:26,421 [DEBUG] Counting objects:  10% (3/30)
2026-08-11 11:17:26,422 [DEBUG] Counting objects:  13% (4/30)
2026-08-11 11:17:26,422 [DEBUG] Counting objects:  16% (5/30)
2026-08-11 11:17:26,422 [DEBUG] Counting objects:  20% (6/30)
2026-08-11 11:17:26,423 [DEBUG] Counting objects:  23% (7/30)
2026-08-11 11:17:26,423 [DEBUG] Counting objects:  26% (8/30)
2026-08-11 11:17:26,423 [DEBUG] Counting objects:  30% (9/30)
2026-08-11 11:17:26,423 [DEBUG] Counting objects:  33% (10/30)
2026-08-11 11:17:26,423 [DEBUG] Counting objects:  36% (11/30)
2026-08-11 11:17:26,423 [DEBUG] Counting objects:  40% (12/30)
2026-08-11 11:17:26,423 [DEBUG] Counting objects:  43% (13/30)
2026-08-11 11:17:26,424 [DEBUG] Counting objects:  46% (14/30)
2026-08-11 11:17:26,424 [DEBUG] Counting objects:  50% (15/30)
2026-08-11 11:17:26,424 [DEBUG] Counting objects:  53% (16/30)
2026-08-11 11:17:26,424 [DEBUG] Counting objects:  56% (17/30)
2026-08-11 11:17:26,424 [DEBUG] Counting objects:  60% (18/30)
2026-08-11 11:17:26,425 [DEBUG] Counting objects:  63% (19/30)
2026-08-11 11:17:26,425 [DEBUG] Counting objects:  66% (20/30)
2026-08-11 11:17:26,425 [DEBUG] Counting objects:  70% (21/30)
2026-08-11 11:17:26,425 [DEBUG] Counting objects:  73% (22/30)
2026-08-11 11:17:26,425 [DEBUG] Counting objects:  76% (23/30)
2026-08-11 11:17:26,426 [DEBUG] Counting objects:  80% (24/30)
2026-08-11 11:17:26,426 [DEBUG] Counting objects:  83% (25/30)
2026-08-11 11:17:26,426 [DEBUG] Counting objects:  86% (26/30)
2026-08-11 11:17:26,426 [DEBUG] Counting objects:  90% (27/30)
2026-08-11 11:17:26,426 [DEBUG] Counting objects:  93% (28/30)
2026-08-11 11:17:26,427 [DEBUG] Counting objects:  96% (29/30)
2026-08-11 11:17:26,427 [DEBUG] Counting objects: 100% (30/30)
2026-08-11 11:17:26,427 [DEBUG] Counting objects: 100% (30/30), done.
2026-08-11 11:17:26,427 [DEBUG] Delta compression using up to 16 threads
2026-08-11 11:17:26,427 [DEBUG] Compressing objects:   5% (1/17)
2026-08-11 11:17:26,427 [DEBUG] Compressing objects:  11% (2/17)
2026-08-11 11:17:26,427 [DEBUG] Compressing objects:  17% (3/17)
2026-08-11 11:17:26,427 [DEBUG] Compressing objects:  23% (4/17)
2026-08-11 11:17:26,427 [DEBUG] Compressing objects:  29% (5/17)
2026-08-11 11:17:26,428 [DEBUG] Compressing objects:  35% (6/17)
2026-08-11 11:17:26,428 [DEBUG] Compressing objects:  41% (7/17)
2026-08-11 11:17:26,428 [DEBUG] Compressing objects:  47% (8/17)
2026-08-11 11:17:26,428 [DEBUG] Compressing objects:  52% (9/17)
2026-08-11 11:17:26,428 [DEBUG] Compressing objects:  58% (10/17)
2026-08-11 11:17:26,428 [DEBUG] Compressing objects:  64% (11/17)
2026-08-11 11:17:26,428 [DEBUG] Compressing objects:  70% (12/17)
2026-08-11 11:17:26,428 [DEBUG] Compressing objects:  76% (13/17)
2026-08-11 11:17:26,428 [DEBUG] Compressing objects:  82% (14/17)
2026-08-11 11:17:26,428 [DEBUG] Compressing objects:  88% (15/17)
2026-08-11 11:17:26,428 [DEBUG] Compressing objects:  94% (16/17)
2026-08-11 11:17:26,428 [DEBUG] Compressing objects: 100% (17/17)
2026-08-11 11:17:26,428 [DEBUG] Compressing objects: 100% (17/17), done.
2026-08-11 11:17:26,429 [DEBUG] Writing objects:   5% (1/19)
2026-08-11 11:17:26,429 [DEBUG] Writing objects:  10% (2/19)
2026-08-11 11:17:26,429 [DEBUG] Writing objects:  15% (3/19)
2026-08-11 11:17:26,429 [DEBUG] Writing objects:  21% (4/19)
2026-08-11 11:17:26,429 [DEBUG] Writing objects:  26% (5/19)
2026-08-11 11:17:26,430 [DEBUG] Writing objects:  31% (6/19)
2026-08-11 11:17:26,430 [DEBUG] Writing objects:  36% (7/19)
2026-08-11 11:17:26,430 [DEBUG] Writing objects:  42% (8/19)
2026-08-11 11:17:26,430 [DEBUG] Writing objects:  47% (9/19)
2026-08-11 11:17:26,430 [DEBUG] Writing objects:  52% (10/19)
2026-08-11 11:17:26,430 [DEBUG] Writing objects:  57% (11/19)
2026-08-11 11:17:26,431 [DEBUG] Writing objects:  63% (12/19)
2026-08-11 11:17:26,431 [DEBUG] Writing objects:  68% (13/19)
2026-08-11 11:17:26,431 [DEBUG] Writing objects:  73% (14/19)
2026-08-11 11:17:26,431 [DEBUG] Writing objects:  78% (15/19)
2026-08-11 11:17:26,432 [DEBUG] Writing objects:  84% (16/19)
2026-08-11 11:17:26,432 [DEBUG] Writing objects:  89% (17/19)
2026-08-11 11:17:26,432 [DEBUG] Writing objects:  94% (18/19)
2026-08-11 11:17:26,432 [DEBUG] Writing objects: 100% (19/19)
2026-08-11 11:17:26,433 [DEBUG] Writing objects: 100% (19/19), 5.45 KiB | 1.36 MiB/s, done.
2026-08-11 11:17:26,433 [DEBUG] Total 19 (delta 8), reused 0 (delta 0), pack-reused 0 (from 0)
2026-08-11 11:17:27,354 [DEBUG] remote: Resolving deltas:   0% (0/8)
2026-08-11 11:17:27,354 [DEBUG] remote: Resolving deltas:  12% (1/8)
2026-08-11 11:17:27,354 [DEBUG] remote: Resolving deltas:  25% (2/8)
2026-08-11 11:17:27,354 [DEBUG] remote: Resolving deltas:  37% (3/8)
2026-08-11 11:17:27,354 [DEBUG] remote: Resolving deltas:  50% (4/8)
2026-08-11 11:17:27,355 [DEBUG] remote: Resolving deltas:  62% (5/8)
2026-08-11 11:17:27,355 [DEBUG] remote: Resolving deltas:  75% (6/8)
2026-08-11 11:17:27,355 [DEBUG] remote: Resolving deltas:  87% (7/8)
2026-08-11 11:17:27,355 [DEBUG] remote: Resolving deltas: 100% (8/8)
2026-08-11 11:17:27,355 [DEBUG] remote: Resolving deltas: 100% (8/8), completed with 7 local objects.
2026-08-11 11:17:27,360 [DEBUG] To https://github.com/MoRDekai1364/Sirma_project_13.git
2026-08-11 11:17:27,361 [DEBUG] 152ca59..693d30d  main -> main
2026-08-11 11:17:27,402 [DEBUG] branch 'main' set up to track 'origin/main'.
2026-08-11 11:17:27,411 [INFO] Push finished in 3.1s. Done.
